// Jest Snapshot v1, https://goo.gl/fbAQLP

exports[`should match the snapshot 1`] = `
<div
  className="display machine-display"
>
  <p
    className="display-text"
  >
    0
  </p>
</div>
`;
